"col_name_1","col_name_3"
"col2_val_1_3","col2_val_1_1"
"col2_val_2_3","col2_val_2_1"
